// Jest Snapshot v1, https://goo.gl/fbAQLP

exports[`CreateAccountForm component render it renders correctly 1`] = `
<DocumentFragment>
  <form
    action="#"
    name="CreateAccountFormName"
  >
    <div
      class="MuiFormControl-root MuiTextField-root MuiFormControl-fullWidth"
    >
      <label
        class="MuiFormLabel-root MuiInputLabel-root MuiInputLabel-formControl MuiInputLabel-animated"
        data-shrink="false"
        for="accountNameField"
        id="accountNameField-label"
      >
        Account Name (optional)
      </label>
      <div
        class="MuiInputBase-root MuiInput-root MuiInput-underline MuiInputBase-fullWidth MuiInput-fullWidth MuiInputBase-formControl MuiInput-formControl"
      >
        <input
          aria-invalid="false"
          class="MuiInputBase-input MuiInput-input"
          id="accountNameField"
          name="accountName"
          type="text"
          value=""
        />
      </div>
    </div>
    <div
      class="MuiFormControl-root MuiTextField-root MuiFormControl-marginDense MuiFormControl-fullWidth"
    >
      <label
        class="MuiFormLabel-root MuiInputLabel-root MuiInputLabel-formControl MuiInputLabel-animated MuiInputLabel-marginDense"
        data-shrink="false"
        for="passwordField"
        id="passwordField-label"
      >
        Password
      </label>
      <div
        class="MuiInputBase-root MuiInput-root MuiInput-underline MuiInputBase-fullWidth MuiInput-fullWidth MuiInputBase-formControl MuiInput-formControl MuiInputBase-marginDense MuiInput-marginDense"
      >
        <input
          aria-invalid="false"
          class="MuiInputBase-input MuiInput-input MuiInputBase-inputMarginDense MuiInput-inputMarginDense"
          id="passwordField"
          name="password"
          type="password"
          value=""
        />
      </div>
    </div>
    <div
      class="MuiFormControl-root MuiTextField-root MuiFormControl-marginDense MuiFormControl-fullWidth"
    >
      <label
        class="MuiFormLabel-root MuiInputLabel-root MuiInputLabel-formControl MuiInputLabel-animated MuiInputLabel-marginDense"
        data-shrink="false"
        for="passwordConfirmationField"
        id="passwordConfirmationField-label"
      >
        Password Confirmation
      </label>
      <div
        class="MuiInputBase-root MuiInput-root MuiInput-underline MuiInputBase-fullWidth MuiInput-fullWidth MuiInputBase-formControl MuiInput-formControl MuiInputBase-marginDense MuiInput-marginDense"
      >
        <input
          aria-invalid="false"
          class="MuiInputBase-input MuiInput-input MuiInputBase-inputMarginDense MuiInput-inputMarginDense"
          id="passwordConfirmationField"
          name="passwordConfirmation"
          type="password"
          value=""
        />
      </div>
    </div>
    <div
      class="MuiBox-root MuiBox-root"
    >
      <div
        class="MuiBox-root MuiBox-root"
      >
        <div
          class="MuiBox-root MuiBox-root"
        >
          <p
            class="MuiTypography-root MuiTypography-body1 MuiTypography-displayInline"
          >
            I have read and accept the
          </p>
          <button
            class="MuiButtonBase-root MuiButton-root MuiButton-text MuiButton-textPrimary"
            tabindex="0"
            type="button"
          >
            <span
              class="MuiButton-label"
            >
              Terms of Use
            </span>
            <span
              class="MuiTouchRipple-root"
            />
          </button>
        </div>
        <span
          aria-disabled="true"
          class="MuiButtonBase-root MuiIconButton-root PrivateSwitchBase-root MuiCheckbox-root MuiCheckbox-colorSecondary MuiCheckbox-indeterminate PrivateSwitchBase-disabled MuiCheckbox-disabled MuiIconButton-colorSecondary MuiIconButton-disabled MuiButtonBase-disabled"
          tabindex="-1"
        >
          <span
            class="MuiIconButton-label"
          >
            <input
              class="PrivateSwitchBase-input"
              data-indeterminate="true"
              disabled=""
              name="checkedTerms"
              type="checkbox"
              value="false"
            />
            <svg
              aria-hidden="true"
              class="MuiSvgIcon-root"
              focusable="false"
              viewBox="0 0 24 24"
            >
              <path
                d="M19 3H5c-1.1 0-2 .9-2 2v14c0 1.1.9 2 2 2h14c1.1 0 2-.9 2-2V5c0-1.1-.9-2-2-2zm-2 10H7v-2h10v2z"
              />
            </svg>
          </span>
        </span>
      </div>
    </div>
    <p
      class="MuiFormHelperText-root MuiFormHelperText-focused"
    >
      You must read the Terms of Use before using the wallet.
    </p>
    <div
      class="MuiBox-root MuiBox-root makeStyles-root"
    >
      <button
        class="MuiButtonBase-root MuiButton-root MuiButton-contained MuiButton-containedSecondary MuiButton-containedSizeLarge MuiButton-sizeLarge MuiButton-disabled MuiButton-fullWidth MuiButtonBase-disabled"
        data-testid="submit-button"
        disabled=""
        tabindex="-1"
        type="button"
      >
        <span
          class="MuiButton-label"
        >
          Create Account
        </span>
      </button>
    </div>
  </form>
</DocumentFragment>
`;
