// Jest Snapshot v1, https://goo.gl/fbAQLP

exports[`ConfigureMobilecoindView component render ConfigureMobilecoindView renders correctly 1`] = `
<DocumentFragment>
  <div
    class="MuiContainer-root makeStyles-cardContainer MuiContainer-maxWidthSm"
  >
    <nav
      aria-label="breadcrumb"
      class="MuiTypography-root MuiBreadcrumbs-root MuiTypography-body1 MuiTypography-colorTextSecondary"
    >
      <ol
        class="MuiBreadcrumbs-ol"
      >
        <li
          class="MuiBreadcrumbs-li"
        >
          <a
            class="MuiTypography-root MuiLink-root MuiLink-underlineHover MuiTypography-colorInherit"
            href="/app/settings"
          >
            <p
              class="MuiTypography-root MuiTypography-body1 MuiTypography-colorTextSecondary"
            >
              Settings
            </p>
          </a>
        </li>
        <li
          aria-hidden="true"
          class="MuiBreadcrumbs-separator"
        >
          &gt;
        </li>
        <li
          class="MuiBreadcrumbs-li"
        >
          <p
            class="MuiTypography-root MuiTypography-body1 MuiTypography-colorTextPrimary"
          >
            Configure MobileCoinD
          </p>
        </li>
      </ol>
    </nav>
    <div
      class="MuiBox-root MuiBox-root"
    >
      <p
        class="MuiTypography-root MuiTypography-body2 MuiTypography-colorTextSecondary MuiTypography-displayInline"
      >
        This panel allows you to customize the behavior of MobileCoinD as well as perform some basic resets.
      </p>
      <div
        class="MuiBox-root MuiBox-root"
      />
      <p
        class="MuiTypography-root MuiTypography-body2 MuiTypography-colorTextSecondary"
      >
        The MobileCoin Daemon, or MobileCoinD, is a standalone executable which provides blockchain synchronization and wallet services.
      </p>
      <div
        class="MuiBox-root MuiBox-root"
      />
      <p
        class="MuiTypography-root MuiTypography-body2 MuiTypography-colorTextSecondary"
      >
        It creates encrypted, attested connections to validator nodes who are participating in federated voting in order to get the current block height, block headers, and to submit transactions. These validator nodes are considered highly trusted due to their use of SGX, and they are used as a reliable source for block information as well as to validate and process the proposed transactions from MobileCoinD.
      </p>
    </div>
    <div
      class="MuiBox-root MuiBox-root"
    >
      <div
        class="MuiBox-root MuiBox-root"
      >
        <legend
          class="MuiFormLabel-root"
        >
          <p
            class="MuiTypography-root MuiTypography-body1 MuiTypography-colorPrimary"
          >
            Ledger Status
          </p>
        </legend>
      </div>
      <div
        class="MuiBox-root MuiBox-root"
      >
        <p
          class="MuiTypography-root MuiTypography-body2 MuiTypography-colorTextPrimary MuiTypography-displayInline"
        >
          The ledger is syncing. This may take awhile.
        </p>
      </div>
      <div
        class="MuiBox-root MuiBox-root"
      >
        <div
          class="MuiTableContainer-root"
        >
          <div
            class="MuiPaper-root MuiTableHead-root MuiPaper-elevation1 MuiPaper-rounded"
            role="rowgroup"
          />
          <table
            aria-label="block status"
            class="MuiTable-root"
          >
            <tbody>
              <tr
                class="MuiTableRow-root MuiTableRow-head"
              >
                <th
                  class="MuiTableCell-root MuiTableCell-head MuiTableCell-sizeSmall"
                  scope="col"
                >
                  Block Type
                </th>
                <th
                  class="MuiTableCell-root MuiTableCell-head MuiTableCell-alignRight MuiTableCell-sizeSmall"
                  scope="col"
                >
                  Current Height
                </th>
                <th
                  class="MuiTableCell-root MuiTableCell-head MuiTableCell-alignRight MuiTableCell-sizeSmall"
                  scope="col"
                >
                  Maximum Height
                </th>
                <th
                  class="MuiTableCell-root MuiTableCell-head MuiTableCell-alignRight MuiTableCell-sizeSmall"
                  scope="col"
                >
                  % Synced
                </th>
              </tr>
            </tbody>
            <tbody
              class="MuiTableBody-root"
            >
              <tr
                class="MuiTableRow-root"
              >
                <th
                  class="MuiTableCell-root MuiTableCell-body MuiTableCell-sizeSmall"
                  role="cell"
                  scope="row"
                >
                  Network Blocks
                </th>
                <td
                  class="MuiTableCell-root MuiTableCell-body MuiTableCell-alignRight MuiTableCell-sizeSmall"
                />
                <td
                  class="MuiTableCell-root MuiTableCell-body MuiTableCell-alignRight MuiTableCell-sizeSmall"
                >
                  0
                </td>
                <td
                  class="MuiTableCell-root MuiTableCell-body MuiTableCell-alignRight MuiTableCell-sizeSmall"
                />
              </tr>
              <tr
                class="MuiTableRow-root"
              >
                <th
                  class="MuiTableCell-root MuiTableCell-body MuiTableCell-sizeSmall"
                  role="cell"
                  scope="row"
                >
                  Local Blocks
                </th>
                <td
                  class="MuiTableCell-root MuiTableCell-body MuiTableCell-alignRight MuiTableCell-sizeSmall"
                >
                  0
                </td>
                <td
                  class="MuiTableCell-root MuiTableCell-body MuiTableCell-alignRight MuiTableCell-sizeSmall"
                >
                  0
                </td>
                <td
                  class="MuiTableCell-root MuiTableCell-body MuiTableCell-alignRight MuiTableCell-sizeSmall"
                >
                  0
                </td>
              </tr>
              <tr
                class="MuiTableRow-root"
              >
                <th
                  class="MuiTableCell-root MuiTableCell-body MuiTableCell-sizeSmall"
                  role="cell"
                  scope="row"
                >
                  Monitor Blocks
                </th>
                <td
                  class="MuiTableCell-root MuiTableCell-body MuiTableCell-alignRight MuiTableCell-sizeSmall"
                >
                  0
                </td>
                <td
                  class="MuiTableCell-root MuiTableCell-body MuiTableCell-alignRight MuiTableCell-sizeSmall"
                >
                  0
                </td>
                <td
                  class="MuiTableCell-root MuiTableCell-body MuiTableCell-alignRight MuiTableCell-sizeSmall"
                >
                  0
                </td>
              </tr>
            </tbody>
          </table>
        </div>
      </div>
      <p
        class="MuiTypography-root MuiTypography-body2 MuiTypography-colorTextSecondary"
      >
        Network Blocks represent the total blocks within the MobileCoin network. This is the value your Local and Monitor Blocks needs to hit to be 100% synced.
      </p>
      <div
        class="MuiBox-root MuiBox-root"
      />
      <p
        class="MuiTypography-root MuiTypography-body2 MuiTypography-colorTextSecondary"
      >
        Local Blocks shows the blocks your mobilecoind has synced the ledger.
      </p>
      <div
        class="MuiBox-root MuiBox-root"
      />
      <p
        class="MuiTypography-root MuiTypography-body2 MuiTypography-colorTextSecondary"
      >
        Monitor Blocks shows the blocks that a specific monitor has synced. Each account has its own Monitor Blocks count. Once this value is synced, you will immediately see the effects of transactions.
      </p>
    </div>
    <div
      class="MuiBox-root MuiBox-root"
    >
      <div
        class="MuiBox-root MuiBox-root"
      >
        <legend
          class="MuiFormLabel-root"
        >
          <p
            class="MuiTypography-root MuiTypography-body1 MuiTypography-colorPrimary"
          >
            MobileCoinD Background Process
          </p>
        </legend>
      </div>
      <div
        class="MuiBox-root MuiBox-root"
      >
        <div
          class="MuiBox-root MuiBox-root"
        >
          <p
            class="MuiTypography-root MuiTypography-body2 MuiTypography-colorTextSecondary"
          >
            Leave MobileCoinD Active is off
          </p>
          <div
            class="MuiBox-root MuiBox-root"
          >
            <span
              class="MuiSwitch-root"
            >
              <span
                aria-disabled="false"
                class="MuiButtonBase-root MuiIconButton-root PrivateSwitchBase-root MuiSwitch-switchBase MuiSwitch-colorSecondary"
              >
                <span
                  class="MuiIconButton-label"
                >
                  <input
                    class="PrivateSwitchBase-input MuiSwitch-input"
                    name="checkedC"
                    type="checkbox"
                    value=""
                  />
                  <span
                    class="MuiSwitch-thumb"
                  />
                </span>
                <span
                  class="MuiTouchRipple-root"
                />
              </span>
              <span
                class="MuiSwitch-track"
              />
            </span>
          </div>
        </div>
        <p
          class="MuiTypography-root MuiTypography-body2 MuiTypography-colorTextSecondary MuiTypography-displayInline"
        >
          MobileCoinD will not continue to sync when you exit the wallet.
        </p>
        <div
          class="MuiBox-root MuiBox-root"
        />
        <p
          class="MuiTypography-root MuiTypography-body2 MuiTypography-colorTextSecondary"
        >
          By default, MobileCoinD terminates when you exit the wallet. This setting allows you to leave MobileCoinD syncing as a background process. It is best to keep the ledger synced to avoid delays in transactions or balance fetches.
        </p>
      </div>
    </div>
    <div
      class="MuiBox-root MuiBox-root"
    >
      <div
        class="MuiBox-root MuiBox-root"
      >
        <legend
          class="MuiFormLabel-root"
        >
          <p
            class="MuiTypography-root MuiTypography-body1 MuiTypography-colorPrimary"
          >
            Reset Your Ledger
          </p>
        </legend>
      </div>
      <div
        class="MuiBox-root MuiBox-root"
      >
        <p
          class="MuiTypography-root MuiTypography-body2 MuiTypography-colorTextSecondary"
        >
          In rare cases, your local database may become corrupted and permanently out-of-sync with the ledger. If this occurs, please manually reset your ledger.
        </p>
        <div
          class="MuiBox-root MuiBox-root makeStyles-root"
        >
          <button
            class="MuiButtonBase-root MuiButton-root MuiButton-contained MuiButton-containedSecondary MuiButton-containedSizeLarge MuiButton-sizeLarge MuiButton-fullWidth"
            data-testid="submit-button"
            tabindex="0"
            type="button"
          >
            <span
              class="MuiButton-label"
            >
              Reset Ledger
            </span>
            <span
              class="MuiTouchRipple-root"
            />
          </button>
        </div>
      </div>
    </div>
    <div
      class="MuiBox-root MuiBox-root"
    >
      <div
        class="MuiBox-root MuiBox-root"
      >
        <legend
          class="MuiFormLabel-root"
        >
          <p
            class="MuiTypography-root MuiTypography-body1 MuiTypography-colorPrimary"
          >
            MobileCoinD Directory
          </p>
        </legend>
      </div>
      <div
        class="MuiBox-root MuiBox-root"
      >
        <div
          class="MuiBox-root MuiBox-root"
        />
        <p
          class="MuiTypography-root MuiTypography-body2 MuiTypography-colorTextPrimary"
        >
          Ledger Database Path:
        </p>
        <p
          class="MuiTypography-root MuiTypography-body2 MuiTypography-colorTextSecondary"
        >
          undefined
        </p>
        <div
          class="MuiBox-root MuiBox-root"
        />
        <p
          class="MuiTypography-root MuiTypography-body2 MuiTypography-colorTextPrimary"
        >
          MobileCoinD Database Path:
        </p>
        <p
          class="MuiTypography-root MuiTypography-body2 MuiTypography-colorTextSecondary"
        >
          undefined
        </p>
      </div>
    </div>
  </div>
</DocumentFragment>
`;
