// Jest Snapshot v1, https://goo.gl/fbAQLP

exports[`PrivacyPolicyView component render it renders correctly 1`] = `
<DocumentFragment>
  <div
    class="MuiContainer-root makeStyles-cardContainer-2 MuiContainer-maxWidthMd"
  >
    <nav
      aria-label="breadcrumb"
      class="MuiTypography-root MuiBreadcrumbs-root MuiTypography-body1 MuiTypography-colorTextSecondary"
    >
      <ol
        class="MuiBreadcrumbs-ol"
      >
        <li
          class="MuiBreadcrumbs-li"
        >
          <button
            class="MuiTypography-root MuiLink-root MuiLink-underlineHover MuiLink-button MuiTypography-colorInherit"
          >
            <p
              class="MuiTypography-root MuiTypography-body1 MuiTypography-colorTextSecondary"
            >
              Settings
            </p>
          </button>
        </li>
        <li
          aria-hidden="true"
          class="MuiBreadcrumbs-separator"
        >
          &gt;
        </li>
        <li
          class="MuiBreadcrumbs-li"
        >
          <p
            class="MuiTypography-root MuiTypography-body1 MuiTypography-colorTextPrimary"
          >
            Privacy Policy
          </p>
        </li>
      </ol>
    </nav>
    <div
      class="MuiBox-root MuiBox-root-11"
    >
      <div
        class="MuiBox-root MuiBox-root-12"
      >
        <p
          class="MuiTypography-root MuiBox-root MuiBox-root-13 MuiTypography-body1"
          data-testid="privacy-header"
        >
          Privacy Policy
        </p>
        <p
          class="MuiTypography-root MuiBox-root MuiBox-root-14 MuiTypography-body1"
        >
          Last updated: December 04, 2020
        </p>
        <p
          class="MuiTypography-root MuiBox-root MuiBox-root-15 MuiTypography-body1"
        >
          This Privacy Policy describes Our policies and procedures on the collection, use and disclosure of Your information when You use the Service and tells You about Your privacy rights and how the law protects You.
        </p>
        <p
          class="MuiTypography-root MuiBox-root MuiBox-root-16 MuiTypography-body1"
        >
          We use Your Personal data to provide and improve the Service. By using the Service, You agree to the collection and use of information in accordance with this Privacy Policy.
        </p>
        <p
          class="MuiTypography-root MuiBox-root MuiBox-root-17 MuiTypography-body1"
          style="text-decoration: underline;"
        >
          Interpretation and Definitions
        </p>
        <p
          class="MuiTypography-root MuiBox-root MuiBox-root-18 MuiTypography-body1"
          style="text-decoration: underline;"
        >
          Interpretation
        </p>
        <p
          class="MuiTypography-root MuiBox-root MuiBox-root-19 MuiTypography-body1"
        >
          The words of which the initial letter is capitalized have meanings defined under the following conditions. The following definitions shall have the same meaning regardless of whether they appear in singular or in plural.
        </p>
        <p
          class="MuiTypography-root MuiBox-root MuiBox-root-20 MuiTypography-body1"
          style="text-decoration: underline;"
        >
          Definitions
        </p>
        <p
          class="MuiTypography-root MuiBox-root MuiBox-root-21 MuiTypography-body1"
        >
          For the purposes of this Privacy Policy:
        </p>
        <div
          class="MuiBox-root MuiBox-root-22"
        >
          <ul>
            <li>
              <p
                class="MuiTypography-root MuiBox-root MuiBox-root-23 MuiTypography-body1"
              />
              <p
                class="MuiTypography-root MuiBox-root MuiBox-root-24 MuiTypography-body1"
              />
              <p
                class="MuiTypography-root MuiTypography-body1 MuiTypography-colorPrimary MuiTypography-displayInline"
              >
                Account
              </p>
               means a unique account created for You to access our Service or parts of our Service.
              <p />
              <p />
            </li>
            <li>
              <p
                class="MuiTypography-root MuiBox-root MuiBox-root-25 MuiTypography-body1"
              />
              <p
                class="MuiTypography-root MuiBox-root MuiBox-root-26 MuiTypography-body1"
              />
              <p
                class="MuiTypography-root MuiTypography-body1 MuiTypography-colorPrimary MuiTypography-displayInline"
              >
                Company
              </p>
               (referred to as either "the Company", "We", "Us" or "Our" in this Agreement) refers to MobileCoin TS Ltd, Floor 4, Banco Popular Building, Road Town, Tortola VG1110, British Virgin Islands.
              <p />
              <p
                class="MuiTypography-root MuiBox-root MuiBox-root-27 MuiTypography-body1"
              >
                For the purpose of the GDPR, the Company is the Data Controller.
              </p>
              <p />
            </li>
            <li>
              <p
                class="MuiTypography-root MuiBox-root MuiBox-root-28 MuiTypography-body1"
              />
              <p
                class="MuiTypography-root MuiBox-root MuiBox-root-29 MuiTypography-body1"
              />
              <p
                class="MuiTypography-root MuiTypography-body1 MuiTypography-colorPrimary MuiTypography-displayInline"
              >
                Cookies
              </p>
               are small files that are placed on Your computer, mobile device or any other device by a website, containing the details of Your browsing history on that website among its many uses.
              <p />
              <p />
            </li>
            <li>
              <p
                class="MuiTypography-root MuiBox-root MuiBox-root-30 MuiTypography-body1"
              />
              <p
                class="MuiTypography-root MuiBox-root MuiBox-root-31 MuiTypography-body1"
              />
              <p
                class="MuiTypography-root MuiTypography-body1 MuiTypography-colorPrimary MuiTypography-displayInline"
              >
                Country
              </p>
               refers to: British Virgin Islands
              <p />
              <p />
            </li>
            <li>
              <p
                class="MuiTypography-root MuiBox-root MuiBox-root-32 MuiTypography-body1"
              />
              <p
                class="MuiTypography-root MuiBox-root MuiBox-root-33 MuiTypography-body1"
              />
              <p
                class="MuiTypography-root MuiTypography-body1 MuiTypography-colorPrimary MuiTypography-displayInline"
              >
                Data Controller
              </p>
              , for the purposes of the GDPR (General Data Protection Regulation), refers to the Company as the legal person which alone or jointly with others determines the purposes and means of the processing of Personal Data.
              <p />
              <p />
            </li>
            <li>
              <p
                class="MuiTypography-root MuiBox-root MuiBox-root-34 MuiTypography-body1"
              />
              <p
                class="MuiTypography-root MuiBox-root MuiBox-root-35 MuiTypography-body1"
              />
              <p
                class="MuiTypography-root MuiTypography-body1 MuiTypography-colorPrimary MuiTypography-displayInline"
              >
                Device
              </p>
               means any device that can access the Service such as a computer, a cellphone or a digital tablet.
              <p />
              <p />
            </li>
            <li>
              <p
                class="MuiTypography-root MuiBox-root MuiBox-root-36 MuiTypography-body1"
              />
              <p
                class="MuiTypography-root MuiBox-root MuiBox-root-37 MuiTypography-body1"
              />
              <p
                class="MuiTypography-root MuiTypography-body1 MuiTypography-colorPrimary MuiTypography-displayInline"
              >
                Personal Data
              </p>
               is any information that relates to an identified or identifiable individual.
              <p />
              <p
                class="MuiTypography-root MuiBox-root MuiBox-root-38 MuiTypography-body1"
              >
                For the purposes for GDPR, Personal Data means any information relating to You such as a name, an identification number, location data, online identifier or to one or more factors specific to the physical, physiological, genetic, mental, economic, cultural or social identity.
              </p>
              <p />
            </li>
            <li>
              <p
                class="MuiTypography-root MuiBox-root MuiBox-root-39 MuiTypography-body1"
              />
              <p
                class="MuiTypography-root MuiBox-root MuiBox-root-40 MuiTypography-body1"
              />
              <p
                class="MuiTypography-root MuiTypography-body1 MuiTypography-colorPrimary MuiTypography-displayInline"
              >
                Service
              </p>
               refers to the Website.
              <p />
              <p />
            </li>
            <li>
              <p
                class="MuiTypography-root MuiBox-root MuiBox-root-41 MuiTypography-body1"
              />
              <p
                class="MuiTypography-root MuiBox-root MuiBox-root-42 MuiTypography-body1"
              />
              <p
                class="MuiTypography-root MuiTypography-body1 MuiTypography-colorPrimary MuiTypography-displayInline"
              >
                Service Provider
              </p>
               means any natural or legal person who processes the data on behalf of the Company. It refers to third-party companies or individuals employed by the Company to facilitate the Service, to provide the Service on behalf of the Company, to perform services related to the Service or to assist the Company in analyzing how the Service is used. For the purpose of the GDPR, Service Providers are considered Data Processors.
              <p />
              <p />
            </li>
            <li>
              <p
                class="MuiTypography-root MuiBox-root MuiBox-root-43 MuiTypography-body1"
              />
              <p
                class="MuiTypography-root MuiBox-root MuiBox-root-44 MuiTypography-body1"
              />
              <p
                class="MuiTypography-root MuiTypography-body1 MuiTypography-colorPrimary MuiTypography-displayInline"
              >
                Third-party Social Media Service
              </p>
               refers to any website or any social network website through which a User can log in or create an account to use the Service.
              <p />
              <p />
            </li>
            <li>
              <p
                class="MuiTypography-root MuiBox-root MuiBox-root-45 MuiTypography-body1"
              />
              <p
                class="MuiTypography-root MuiBox-root MuiBox-root-46 MuiTypography-body1"
              />
              <p
                class="MuiTypography-root MuiTypography-body1 MuiTypography-colorPrimary MuiTypography-displayInline"
              >
                Usage Data
              </p>
               refers to data collected automatically, either generated by the use of the Service or from the Service infrastructure itself (for example, the duration of a page visit).
              <p />
              <p />
            </li>
            <li>
              <p
                class="MuiTypography-root MuiBox-root MuiBox-root-47 MuiTypography-body1"
              />
              <p
                class="MuiTypography-root MuiBox-root MuiBox-root-48 MuiTypography-body1"
              />
              <p
                class="MuiTypography-root MuiTypography-body1 MuiTypography-colorPrimary MuiTypography-displayInline"
              >
                Website
              </p>
               refers to buymobilecoin, accessible from www.buymobilecoin.com
              <p />
              <p />
            </li>
            <li>
              <p
                class="MuiTypography-root MuiBox-root MuiBox-root-49 MuiTypography-body1"
              />
              <p
                class="MuiTypography-root MuiBox-root MuiBox-root-50 MuiTypography-body1"
              />
              <p
                class="MuiTypography-root MuiTypography-body1 MuiTypography-colorPrimary MuiTypography-displayInline"
              >
                You
              </p>
               means the individual accessing or using the Service, or the company, or other legal entity on behalf of which such individual is accessing or using the Service, as applicable.
              <p />
              <p
                class="MuiTypography-root MuiBox-root MuiBox-root-51 MuiTypography-body1"
              >
                Under GDPR (General Data Protection Regulation), You can be referred to as the Data Subject or as the User as you are the individual using the Service.
              </p>
              <p />
            </li>
          </ul>
        </div>
        <p
          class="MuiTypography-root MuiBox-root MuiBox-root-52 MuiTypography-body1"
          style="text-decoration: underline;"
        >
          Collecting and Using Your Personal Data
        </p>
        <p
          class="MuiTypography-root MuiBox-root MuiBox-root-53 MuiTypography-body1"
          style="text-decoration: underline;"
        >
          Types of Data Collected
        </p>
        <p
          class="MuiTypography-root MuiBox-root MuiBox-root-54 MuiTypography-body1"
          style="text-decoration: underline;"
        >
          Personal Data
        </p>
        <p
          class="MuiTypography-root MuiBox-root MuiBox-root-55 MuiTypography-body1"
        >
          While using Our Service, We may ask You to provide Us with certain personally identifiable information that can be used to contact or identify You. Personally identifiable information may include, but is not limited to:
        </p>
        <div
          class="MuiBox-root MuiBox-root-56"
        >
          <ul>
            <li>
              <p
                class="MuiTypography-root MuiBox-root MuiBox-root-57 MuiTypography-body1"
              />
              <p
                class="MuiTypography-root MuiBox-root MuiBox-root-58 MuiTypography-body1"
              >
                Email address
              </p>
              <p />
            </li>
            <li>
              <p
                class="MuiTypography-root MuiBox-root MuiBox-root-59 MuiTypography-body1"
              />
              <p
                class="MuiTypography-root MuiBox-root MuiBox-root-60 MuiTypography-body1"
              >
                First name and last name
              </p>
              <p />
            </li>
            <li>
              <p
                class="MuiTypography-root MuiBox-root MuiBox-root-61 MuiTypography-body1"
              />
              <p
                class="MuiTypography-root MuiBox-root MuiBox-root-62 MuiTypography-body1"
              >
                Phone number
              </p>
              <p />
            </li>
            <li>
              <p
                class="MuiTypography-root MuiBox-root MuiBox-root-63 MuiTypography-body1"
              />
              <p
                class="MuiTypography-root MuiBox-root MuiBox-root-64 MuiTypography-body1"
              >
                Address, State, Province, ZIP/Postal code, City
              </p>
              <p />
            </li>
            <li>
              <p
                class="MuiTypography-root MuiBox-root MuiBox-root-65 MuiTypography-body1"
              />
              <p
                class="MuiTypography-root MuiBox-root MuiBox-root-66 MuiTypography-body1"
              >
                Usage Data
              </p>
              <p />
            </li>
          </ul>
        </div>
        <p
          class="MuiTypography-root MuiBox-root MuiBox-root-67 MuiTypography-body1"
          style="text-decoration: underline;"
        >
          Usage Data
        </p>
        <p
          class="MuiTypography-root MuiBox-root MuiBox-root-68 MuiTypography-body1"
        >
          Usage Data is collected automatically when using the Service.
        </p>
        <p
          class="MuiTypography-root MuiBox-root MuiBox-root-69 MuiTypography-body1"
        >
          Usage Data may include information such as Your Device's Internet Protocol address (e.g. IP address), browser type, browser version, the pages of our Service that You visit, the time and date of Your visit, the time spent on those pages, unique device identifiers and other diagnostic data.
        </p>
        <p
          class="MuiTypography-root MuiBox-root MuiBox-root-70 MuiTypography-body1"
        >
          When You access the Service by or through a mobile device, We may collect certain information automatically, including, but not limited to, the type of mobile device You use, Your mobile device unique ID, the IP address of Your mobile device, Your mobile operating system, the type of mobile Internet browser You use, unique device identifiers and other diagnostic data.
        </p>
        <p
          class="MuiTypography-root MuiBox-root MuiBox-root-71 MuiTypography-body1"
        >
          We may also collect information that Your browser sends whenever You visit our Service or when You access the Service by or through a mobile device.
        </p>
        <p
          class="MuiTypography-root MuiBox-root MuiBox-root-72 MuiTypography-body1"
          style="text-decoration: underline;"
        >
          Information from Third-Party Social Media Services
        </p>
        <p
          class="MuiTypography-root MuiBox-root MuiBox-root-73 MuiTypography-body1"
        >
          The Company allows You to create an account and log in to use the Service through the following Third-party Social Media Services:
        </p>
        <div
          class="MuiBox-root MuiBox-root-74"
        >
          <ul>
            <li>
              <p
                class="MuiTypography-root MuiBox-root MuiBox-root-75 MuiTypography-body1"
              >
                Google
              </p>
            </li>
            <li>
              <p
                class="MuiTypography-root MuiBox-root MuiBox-root-76 MuiTypography-body1"
              >
                Facebook
              </p>
            </li>
            <li>
              <p
                class="MuiTypography-root MuiBox-root MuiBox-root-77 MuiTypography-body1"
              >
                Twitter
              </p>
            </li>
          </ul>
        </div>
        <p
          class="MuiTypography-root MuiBox-root MuiBox-root-78 MuiTypography-body1"
        >
          If You decide to register through or otherwise grant us access to a Third-Party Social Media Service, We may collect Personal data that is already associated with Your Third-Party Social Media Service's account, such as Your name, Your email address, Your activities or Your contact list associated with that account.
        </p>
        <p
          class="MuiTypography-root MuiBox-root MuiBox-root-79 MuiTypography-body1"
        >
          You may also have the option of sharing additional information with the Company through Your Third-Party Social Media Service's account. If You choose to provide such information and Personal Data, during registration or otherwise, You are giving the Company permission to use, share, and store it in a manner consistent with this Privacy Policy.
        </p>
        <p
          class="MuiTypography-root MuiBox-root MuiBox-root-80 MuiTypography-body1"
          style="text-decoration: underline;"
        >
          Tracking Technologies and Cookies
        </p>
        <p
          class="MuiTypography-root MuiBox-root MuiBox-root-81 MuiTypography-body1"
        >
          We use Cookies and similar tracking technologies to track the activity on Our Service and store certain information. Tracking technologies used are beacons, tags, and scripts to collect and track information and to improve and analyze Our Service. The technologies We use may include:
        </p>
        <div
          class="MuiBox-root MuiBox-root-82"
        >
          <ul>
            <li>
              <p
                class="MuiTypography-root MuiBox-root MuiBox-root-83 MuiTypography-body1"
              />
              <p
                class="MuiTypography-root MuiTypography-body1 MuiTypography-colorPrimary MuiTypography-displayInline"
              >
                Cookies or Browser Cookies.
              </p>
               A cookie is a small file placed on Your Device. You can instruct Your browser to refuse all Cookies or to indicate when a Cookie is being sent. However, if You do not accept Cookies, You may not be able to use some parts of our Service. Unless you have adjusted Your browser setting so that it will refuse Cookies, our Service may use Cookies.
              <p />
            </li>
            <li>
              <p
                class="MuiTypography-root MuiBox-root MuiBox-root-84 MuiTypography-body1"
              />
              <p
                class="MuiTypography-root MuiTypography-body1 MuiTypography-colorPrimary MuiTypography-displayInline"
              >
                Flash Cookies.
              </p>
               Certain features of our Service may use local stored objects (or Flash Cookies) to collect and store information about Your preferences or Your activity on our Service. Flash Cookies are not managed by the same browser settings as those used for Browser Cookies. For more information on how You can delete Flash Cookies, please read "Where can I change the settings for disabling, or deleting local shared objects?" available at https://helpx.adobe.com/flash-player/kb/disable-local-shared-objects-flash.html#main_Where_can_I_change_the_settings_for_disabling__or_deleting_local_shared_objects_
              <p />
            </li>
            <li>
              <p
                class="MuiTypography-root MuiBox-root MuiBox-root-85 MuiTypography-body1"
              />
              <p
                class="MuiTypography-root MuiTypography-body1 MuiTypography-colorPrimary MuiTypography-displayInline"
              >
                Web Beacons.
              </p>
               Certain sections of our Service and our emails may contain small electronic files known as web beacons (also referred to as clear gifs, pixel tags, and single-pixel gifs) that permit the Company, for example, to count users who have visited those pages or opened an email and for other related website statistics (for example, recording the popularity of a certain section and verifying system and server integrity).
              <p />
            </li>
          </ul>
        </div>
        <p
          class="MuiTypography-root MuiBox-root MuiBox-root-86 MuiTypography-body1"
        >
          Cookies can be "Persistent" or "Session" Cookies. Persistent Cookies remain on Your personal computer or mobile device when You go offline, while Session Cookies are deleted as soon as You close Your web browser. Learn more about cookies: https://www.privacypolicies.com/blog/cookies/ .
        </p>
        <p
          class="MuiTypography-root MuiBox-root MuiBox-root-87 MuiTypography-body1"
        >
          We use both Session and Persistent Cookies for the purposes set out below:
        </p>
        <div
          class="MuiBox-root MuiBox-root-88"
        >
          <ul>
            <li>
              <p
                class="MuiTypography-root MuiBox-root MuiBox-root-89 MuiTypography-body1"
              />
              <p
                class="MuiTypography-root MuiBox-root MuiBox-root-90 MuiTypography-body1"
              />
              <p
                class="MuiTypography-root MuiTypography-body1 MuiTypography-colorPrimary MuiTypography-displayInline"
              >
                Necessary / Essential Cookies
              </p>
              <p />
              <p
                class="MuiTypography-root MuiBox-root MuiBox-root-91 MuiTypography-body1"
              >
                Type: Session Cookies
              </p>
              <p
                class="MuiTypography-root MuiBox-root MuiBox-root-92 MuiTypography-body1"
              >
                Administered by: Us
              </p>
              <p
                class="MuiTypography-root MuiBox-root MuiBox-root-93 MuiTypography-body1"
              >
                Purpose: These Cookies are essential to provide You with services available through the Website and to enable You to use some of its features. They help to authenticate users and prevent fraudulent use of user accounts. Without these Cookies, the services that You have asked for cannot be provided, and We only use these Cookies to provide You with those services.
              </p>
              <p />
            </li>
            <li>
              <p
                class="MuiTypography-root MuiBox-root MuiBox-root-94 MuiTypography-body1"
              />
              <p
                class="MuiTypography-root MuiBox-root MuiBox-root-95 MuiTypography-body1"
              />
              <p
                class="MuiTypography-root MuiTypography-body1 MuiTypography-colorPrimary MuiTypography-displayInline"
              >
                Cookies Policy / Notice Acceptance Cookies
              </p>
              <p />
              <p
                class="MuiTypography-root MuiBox-root MuiBox-root-96 MuiTypography-body1"
              >
                Type: Persistent Cookies
              </p>
              <p
                class="MuiTypography-root MuiBox-root MuiBox-root-97 MuiTypography-body1"
              >
                Administered by: Us
              </p>
              <p
                class="MuiTypography-root MuiBox-root MuiBox-root-98 MuiTypography-body1"
              >
                Purpose: These Cookies identify if users have accepted the use of cookies on the Website.
              </p>
              <p />
            </li>
            <li>
              <p
                class="MuiTypography-root MuiBox-root MuiBox-root-99 MuiTypography-body1"
              />
              <p
                class="MuiTypography-root MuiBox-root MuiBox-root-100 MuiTypography-body1"
              />
              <p
                class="MuiTypography-root MuiTypography-body1 MuiTypography-colorPrimary MuiTypography-displayInline"
              >
                Functionality Cookies
              </p>
              <p />
              <p
                class="MuiTypography-root MuiBox-root MuiBox-root-101 MuiTypography-body1"
              >
                Type: Persistent Cookies
              </p>
              <p
                class="MuiTypography-root MuiBox-root MuiBox-root-102 MuiTypography-body1"
              >
                Administered by: Us
              </p>
              <p
                class="MuiTypography-root MuiBox-root MuiBox-root-103 MuiTypography-body1"
              >
                Purpose: These Cookies allow us to remember choices You make when You use the Website, such as remembering your login details or language preference. The purpose of these Cookies is to provide You with a more personal experience and to avoid You having to re-enter your preferences every time You use the Website.
              </p>
              <p />
            </li>
          </ul>
        </div>
        <p
          class="MuiTypography-root MuiBox-root MuiBox-root-104 MuiTypography-body1"
        >
          For more information about the cookies we use and your choices regarding cookies, please visit our Cookies Policy or the Cookies section of our Privacy Policy.
        </p>
        <p
          class="MuiTypography-root MuiBox-root MuiBox-root-105 MuiTypography-body1"
          data-testid="privacy-personal-data-use"
          style="text-decoration: underline;"
        >
          Use of Your Personal Data
        </p>
        <p
          class="MuiTypography-root MuiBox-root MuiBox-root-106 MuiTypography-body1"
        >
          The Company may use Personal Data for the following purposes:
        </p>
        <div
          class="MuiBox-root MuiBox-root-107"
        >
          <ul>
            <li>
              <p
                class="MuiTypography-root MuiBox-root MuiBox-root-108 MuiTypography-body1"
              />
              <p
                class="MuiTypography-root MuiBox-root MuiBox-root-109 MuiTypography-body1"
              />
              <p
                class="MuiTypography-root MuiTypography-body1 MuiTypography-colorPrimary MuiTypography-displayInline"
              >
                To provide and maintain our Service
              </p>
              , including to monitor the usage of our Service.
              <p />
              <p />
            </li>
            <li>
              <p
                class="MuiTypography-root MuiBox-root MuiBox-root-110 MuiTypography-body1"
              />
              <p
                class="MuiTypography-root MuiBox-root MuiBox-root-111 MuiTypography-body1"
              />
              <p
                class="MuiTypography-root MuiTypography-body1 MuiTypography-colorPrimary MuiTypography-displayInline"
              >
                To manage Your Account:
              </p>
               to manage Your registration as a user of the Service. The Personal Data You provide can give You access to different functionalities of the Service that are available to You as a registered user.
              <p />
              <p />
            </li>
            <li>
              <p
                class="MuiTypography-root MuiBox-root MuiBox-root-112 MuiTypography-body1"
              />
              <p
                class="MuiTypography-root MuiBox-root MuiBox-root-113 MuiTypography-body1"
              />
              <p
                class="MuiTypography-root MuiTypography-body1 MuiTypography-colorPrimary MuiTypography-displayInline"
              >
                For the performance of a contract:
              </p>
               the development, compliance and undertaking of the purchase contract for the products, items or services You have purchased or of any other contract with Us through the Service.
              <p />
              <p />
            </li>
            <li>
              <p
                class="MuiTypography-root MuiBox-root MuiBox-root-114 MuiTypography-body1"
              />
              <p
                class="MuiTypography-root MuiBox-root MuiBox-root-115 MuiTypography-body1"
              />
              <p
                class="MuiTypography-root MuiTypography-body1 MuiTypography-colorPrimary MuiTypography-displayInline"
              >
                To contact You:
              </p>
               To contact You by email, telephone calls, SMS, or other equivalent forms of electronic communication, such as a mobile application's push notifications regarding updates or informative communications related to the functionalities, products or contracted services, including the security updates, when necessary or reasonable for their implementation.
              <p />
              <p />
            </li>
            <li>
              <p
                class="MuiTypography-root MuiBox-root MuiBox-root-116 MuiTypography-body1"
              />
              <p
                class="MuiTypography-root MuiBox-root MuiBox-root-117 MuiTypography-body1"
              />
              <p
                class="MuiTypography-root MuiTypography-body1 MuiTypography-colorPrimary MuiTypography-displayInline"
              >
                To provide You
              </p>
               with news, special offers and general information about other goods, services and events which we offer that are similar to those that you have already purchased or enquired about unless You have opted not to receive such information.
              <p />
              <p />
            </li>
            <li>
              <p
                class="MuiTypography-root MuiBox-root MuiBox-root-118 MuiTypography-body1"
              />
              <p
                class="MuiTypography-root MuiBox-root MuiBox-root-119 MuiTypography-body1"
              />
              <p
                class="MuiTypography-root MuiTypography-body1 MuiTypography-colorPrimary MuiTypography-displayInline"
              >
                To manage Your requests:
              </p>
               To attend and manage Your requests to Us.
              <p />
              <p />
            </li>
            <li>
              <p
                class="MuiTypography-root MuiBox-root MuiBox-root-120 MuiTypography-body1"
              />
              <p
                class="MuiTypography-root MuiBox-root MuiBox-root-121 MuiTypography-body1"
              />
              <p
                class="MuiTypography-root MuiTypography-body1 MuiTypography-colorPrimary MuiTypography-displayInline"
              >
                For business transfers:
              </p>
               We may use Your information to evaluate or conduct a merger, divestiture, restructuring, reorganization, dissolution, or other sale or transfer of some or all of Our assets, whether as a going concern or as part of bankruptcy, liquidation, or similar proceeding, in which Personal Data held by Us about our Service users is among the assets transferred.
              <p />
              <p />
            </li>
            <li>
              <p
                class="MuiTypography-root MuiBox-root MuiBox-root-122 MuiTypography-body1"
              />
              <p
                class="MuiTypography-root MuiBox-root MuiBox-root-123 MuiTypography-body1"
              />
              <p
                class="MuiTypography-root MuiTypography-body1 MuiTypography-colorPrimary MuiTypography-displayInline"
              >
                For other purposes
              </p>
              : We may use Your information for other purposes, such as data analysis, identifying usage trends, determining the effectiveness of our promotional campaigns and to evaluate and improve our Service, products, services, marketing and your experience.
              <p />
              <p />
            </li>
          </ul>
        </div>
        <p
          class="MuiTypography-root MuiBox-root MuiBox-root-124 MuiTypography-body1"
        >
          We may share Your personal information in the following situations:
        </p>
        <div
          class="MuiBox-root MuiBox-root-125"
        >
          <ul>
            <li>
              <p
                class="MuiTypography-root MuiBox-root MuiBox-root-126 MuiTypography-body1"
              />
              <p
                class="MuiTypography-root MuiTypography-body1 MuiTypography-colorPrimary MuiTypography-displayInline"
              >
                With Service Providers:
              </p>
               We may share Your personal information with Service Providers to monitor and analyze the use of our Service, to contact You.
              <p />
            </li>
            <li>
              <p
                class="MuiTypography-root MuiBox-root MuiBox-root-127 MuiTypography-body1"
              />
              <p
                class="MuiTypography-root MuiTypography-body1 MuiTypography-colorPrimary MuiTypography-displayInline"
              >
                For business transfers:
              </p>
               We may share or transfer Your personal information in connection with, or during negotiations of, any merger, sale of Company assets, financing, or acquisition of all or a portion of Our business to another company.
              <p />
            </li>
            <li>
              <p
                class="MuiTypography-root MuiBox-root MuiBox-root-128 MuiTypography-body1"
              />
              <p
                class="MuiTypography-root MuiTypography-body1 MuiTypography-colorPrimary MuiTypography-displayInline"
              >
                With Affiliates:
              </p>
               We may share Your information with Our affiliates, in which case we will require those affiliates to honor this Privacy Policy. Affiliates include Our parent company and any other subsidiaries, joint venture partners or other companies that We control or that are under common control with Us.
              <p />
            </li>
            <li>
              <p
                class="MuiTypography-root MuiBox-root MuiBox-root-129 MuiTypography-body1"
              />
              <p
                class="MuiTypography-root MuiTypography-body1 MuiTypography-colorPrimary MuiTypography-displayInline"
              >
                With business partners:
              </p>
               We may share Your information with Our business partners to offer You certain products, services or promotions.
              <p />
            </li>
            <li>
              <p
                class="MuiTypography-root MuiBox-root MuiBox-root-130 MuiTypography-body1"
              />
              <p
                class="MuiTypography-root MuiTypography-body1 MuiTypography-colorPrimary MuiTypography-displayInline"
              >
                With other users:
              </p>
               when You share personal information or otherwise interact in the public areas with other users, such information may be viewed by all users and may be publicly distributed outside. If You interact with other users or register through a Third-Party Social Media Service, Your contacts on the Third-Party Social Media Service may see Your name, profile, pictures and description of Your activity. Similarly, other users will be able to view descriptions of Your activity, communicate with You and view Your profile.
              <p />
            </li>
            <li>
              <p
                class="MuiTypography-root MuiBox-root MuiBox-root-131 MuiTypography-body1"
              />
              <p
                class="MuiTypography-root MuiTypography-body1 MuiTypography-colorPrimary MuiTypography-displayInline"
              >
                With Your consent
              </p>
              : We may disclose Your personal information for any other purpose with Your consent.
              <p />
            </li>
          </ul>
        </div>
        <p
          class="MuiTypography-root MuiBox-root MuiBox-root-132 MuiTypography-body1"
          style="text-decoration: underline;"
        >
          Retention of Your Personal Data
        </p>
        <p
          class="MuiTypography-root MuiBox-root MuiBox-root-133 MuiTypography-body1"
        >
          The Company will retain Your Personal Data only for as long as is necessary for the purposes set out in this Privacy Policy. We will retain and use Your Personal Data to the extent necessary to comply with our legal obligations (for example, if we are required to retain your data to comply with applicable laws), resolve disputes, and enforce our legal agreements and policies.
        </p>
        <p
          class="MuiTypography-root MuiBox-root MuiBox-root-134 MuiTypography-body1"
        >
          The Company will also retain Usage Data for internal analysis purposes. Usage Data is generally retained for a shorter period of time, except when this data is used to strengthen the security or to improve the functionality of Our Service, or We are legally obligated to retain this data for longer time periods.
        </p>
        <p
          class="MuiTypography-root MuiBox-root MuiBox-root-135 MuiTypography-body1"
          style="text-decoration: underline;"
        >
          Transfer of Your Personal Data
        </p>
        <p
          class="MuiTypography-root MuiBox-root MuiBox-root-136 MuiTypography-body1"
        >
          Your information, including Personal Data, is processed at the Company's operating offices and in any other places where the parties involved in the processing are located. It means that this information may be transferred to — and maintained on — computers located outside of Your state, province, country or other governmental jurisdiction where the data protection laws may differ than those from Your jurisdiction.
        </p>
        <p
          class="MuiTypography-root MuiBox-root MuiBox-root-137 MuiTypography-body1"
        >
          Your consent to this Privacy Policy followed by Your submission of such information represents Your agreement to that transfer.
        </p>
        <p
          class="MuiTypography-root MuiBox-root MuiBox-root-138 MuiTypography-body1"
        >
          The Company will take all steps reasonably necessary to ensure that Your data is treated securely and in accordance with this Privacy Policy and no transfer of Your Personal Data will take place to an organization or a country unless there are adequate controls in place including the security of Your data and other personal information.
        </p>
        <p
          class="MuiTypography-root MuiBox-root MuiBox-root-139 MuiTypography-body1"
          style="text-decoration: underline;"
        >
          Disclosure of Your Personal Data
        </p>
        <p
          class="MuiTypography-root MuiBox-root MuiBox-root-140 MuiTypography-body1"
          style="text-decoration: underline;"
        >
          Business Transactions
        </p>
        <p
          class="MuiTypography-root MuiBox-root MuiBox-root-141 MuiTypography-body1"
        >
          If the Company is involved in a merger, acquisition or asset sale, Your Personal Data may be transferred. We will provide notice before Your Personal Data is transferred and becomes subject to a different Privacy Policy.
        </p>
        <p
          class="MuiTypography-root MuiBox-root MuiBox-root-142 MuiTypography-body1"
          style="text-decoration: underline;"
        >
          Law enforcement
        </p>
        <p
          class="MuiTypography-root MuiBox-root MuiBox-root-143 MuiTypography-body1"
        >
          Under certain circumstances, the Company may be required to disclose Your Personal Data if required to do so by law or in response to valid requests by public authorities (e.g. a court or a government agency).
        </p>
        <p
          class="MuiTypography-root MuiBox-root MuiBox-root-144 MuiTypography-body1"
          style="text-decoration: underline;"
        >
          Other legal requirements
        </p>
        <p
          class="MuiTypography-root MuiBox-root MuiBox-root-145 MuiTypography-body1"
        >
          The Company may disclose Your Personal Data in the good faith belief that such action is necessary to:
        </p>
        <div
          class="MuiBox-root MuiBox-root-146"
        >
          <ul>
            <li>
              <p
                class="MuiTypography-root MuiBox-root MuiBox-root-147 MuiTypography-body1"
              >
                Comply with a legal obligation
              </p>
            </li>
            <li>
              <p
                class="MuiTypography-root MuiBox-root MuiBox-root-148 MuiTypography-body1"
              >
                Protect and defend the rights or property of the Company
              </p>
            </li>
            <li>
              <p
                class="MuiTypography-root MuiBox-root MuiBox-root-149 MuiTypography-body1"
              >
                Prevent or investigate possible wrongdoing in connection with the Service
              </p>
            </li>
            <li>
              <p
                class="MuiTypography-root MuiBox-root MuiBox-root-150 MuiTypography-body1"
              >
                Protect the personal safety of Users of the Service or the public
              </p>
            </li>
            <li>
              <p
                class="MuiTypography-root MuiBox-root MuiBox-root-151 MuiTypography-body1"
              >
                Protect against legal liability
              </p>
            </li>
          </ul>
        </div>
        <p
          class="MuiTypography-root MuiBox-root MuiBox-root-152 MuiTypography-body1"
          style="text-decoration: underline;"
        >
          Security of Your Personal Data
        </p>
        <p
          class="MuiTypography-root MuiBox-root MuiBox-root-153 MuiTypography-body1"
        >
          The security of Your Personal Data is important to Us, but remember that no method of transmission over the Internet, or method of electronic storage is 100% secure. While We strive to use commercially acceptable means to protect Your Personal Data, We cannot guarantee its absolute security.
        </p>
        <p
          class="MuiTypography-root MuiBox-root MuiBox-root-154 MuiTypography-body1"
          style="text-decoration: underline;"
        >
          GDPR Privacy
        </p>
        <p
          class="MuiTypography-root MuiBox-root MuiBox-root-155 MuiTypography-body1"
          style="text-decoration: underline;"
        >
          Legal Basis for Processing Personal Data under GDPR
        </p>
        <p
          class="MuiTypography-root MuiBox-root MuiBox-root-156 MuiTypography-body1"
        >
          We may process Personal Data under the following conditions:
        </p>
        <div
          class="MuiBox-root MuiBox-root-157"
        >
          <ul>
            <li>
              <p
                class="MuiTypography-root MuiBox-root MuiBox-root-158 MuiTypography-body1"
              />
              <p
                class="MuiTypography-root MuiTypography-body1 MuiTypography-colorPrimary MuiTypography-displayInline"
              >
                Consent:
              </p>
               You have given Your consent for processing Personal Data for one or more specific purposes.
              <p />
            </li>
            <li>
              <p
                class="MuiTypography-root MuiBox-root MuiBox-root-159 MuiTypography-body1"
              />
              <p
                class="MuiTypography-root MuiTypography-body1 MuiTypography-colorPrimary MuiTypography-displayInline"
              >
                Performance of a contract:
              </p>
               Provision of Personal Data is necessary for the performance of an agreement with You and/or for any pre-contractual obligations thereof.
              <p />
            </li>
            <li>
              <p
                class="MuiTypography-root MuiBox-root MuiBox-root-160 MuiTypography-body1"
              />
              <p
                class="MuiTypography-root MuiTypography-body1 MuiTypography-colorPrimary MuiTypography-displayInline"
              >
                Legal obligations:
              </p>
               Processing Personal Data is necessary for compliance with a legal obligation to which the Company is subject.
              <p />
            </li>
            <li>
              <p
                class="MuiTypography-root MuiBox-root MuiBox-root-161 MuiTypography-body1"
              />
              <p
                class="MuiTypography-root MuiTypography-body1 MuiTypography-colorPrimary MuiTypography-displayInline"
              >
                Vital interests:
              </p>
               Processing Personal Data is necessary in order to protect Your vital interests or of another natural person.
              <p />
            </li>
            <li>
              <p
                class="MuiTypography-root MuiBox-root MuiBox-root-162 MuiTypography-body1"
              />
              <p
                class="MuiTypography-root MuiTypography-body1 MuiTypography-colorPrimary MuiTypography-displayInline"
              >
                Public interests:
              </p>
               Processing Personal Data is related to a task that is carried out in the public interest or in the exercise of official authority vested in the Company.
              <p />
            </li>
            <li>
              <p
                class="MuiTypography-root MuiBox-root MuiBox-root-163 MuiTypography-body1"
              />
              <p
                class="MuiTypography-root MuiTypography-body1 MuiTypography-colorPrimary MuiTypography-displayInline"
              >
                Legitimate interests:
              </p>
               Processing Personal Data is necessary for the purposes of the legitimate interests pursued by the Company.
              <p />
            </li>
          </ul>
        </div>
        <p
          class="MuiTypography-root MuiBox-root MuiBox-root-164 MuiTypography-body1"
        >
          In any case, the Company will gladly help to clarify the specific legal basis that applies to the processing, and in particular whether the provision of Personal Data is a statutory or contractual requirement, or a requirement necessary to enter into a contract.
        </p>
        <p
          class="MuiTypography-root MuiBox-root MuiBox-root-165 MuiTypography-body1"
          style="text-decoration: underline;"
        >
          Your Rights under the GDPR
        </p>
        <p
          class="MuiTypography-root MuiBox-root MuiBox-root-166 MuiTypography-body1"
        >
          The Company undertakes to respect the confidentiality of Your Personal Data and to guarantee You can exercise Your rights.
        </p>
        <p
          class="MuiTypography-root MuiBox-root MuiBox-root-167 MuiTypography-body1"
        >
          You have the right under this Privacy Policy, and by law if You are within the EU, to:
        </p>
        <div
          class="MuiBox-root MuiBox-root-168"
        >
          <ul>
            <li>
              <p
                class="MuiTypography-root MuiBox-root MuiBox-root-169 MuiTypography-body1"
              />
              <p
                class="MuiTypography-root MuiTypography-body1 MuiTypography-colorPrimary MuiTypography-displayInline"
              >
                Request access to Your Personal Data.
              </p>
               The right to access, update or delete the information We have on You. Whenever made possible, you can access, update or request deletion of Your Personal Data directly within Your account settings section. If you are unable to perform these actions yourself, please contact Us to assist You. This also enables You to receive a copy of the Personal Data We hold about You.
              <p />
            </li>
            <li>
              <p
                class="MuiTypography-root MuiBox-root MuiBox-root-170 MuiTypography-body1"
              />
              <p
                class="MuiTypography-root MuiTypography-body1 MuiTypography-colorPrimary MuiTypography-displayInline"
              >
                Request correction of the Personal Data that We hold about You.
              </p>
               You have the right to to have any incomplete or inaccurate information We hold about You corrected.
              <p />
            </li>
            <li>
              <p
                class="MuiTypography-root MuiBox-root MuiBox-root-171 MuiTypography-body1"
              />
              <p
                class="MuiTypography-root MuiTypography-body1 MuiTypography-colorPrimary MuiTypography-displayInline"
              >
                Object to processing of Your Personal Data.
              </p>
               This right exists where We are relying on a legitimate interest as the legal basis for Our processing and there is something about Your particular situation, which makes You want to object to our processing of Your Personal Data on this ground. You also have the right to object where We are processing Your Personal Data for direct marketing purposes.
              <p />
            </li>
            <li>
              <p
                class="MuiTypography-root MuiBox-root MuiBox-root-172 MuiTypography-body1"
              />
              <p
                class="MuiTypography-root MuiTypography-body1 MuiTypography-colorPrimary MuiTypography-displayInline"
              >
                Request erasure of Your Personal Data.
              </p>
               You have the right to ask Us to delete or remove Personal Data when there is no good reason for Us to continue processing it.
              <p />
            </li>
            <li>
              <p
                class="MuiTypography-root MuiBox-root MuiBox-root-173 MuiTypography-body1"
              />
              <p
                class="MuiTypography-root MuiTypography-body1 MuiTypography-colorPrimary MuiTypography-displayInline"
              >
                Request the transfer of Your Personal Data.
              </p>
               We will provide to You, or to a third-party You have chosen, Your Personal Data in a structured, commonly used, machine-readable format. Please note that this right only applies to automated information which You initially provided consent for Us to use or where We used the information to perform a contract with You.
              <p />
            </li>
            <li>
              <p
                class="MuiTypography-root MuiBox-root MuiBox-root-174 MuiTypography-body1"
              />
              <p
                class="MuiTypography-root MuiTypography-body1 MuiTypography-colorPrimary MuiTypography-displayInline"
              >
                Withdraw Your consent.
              </p>
               You have the right to withdraw Your consent on using your Personal Data. If You withdraw Your consent, We may not be able to provide You with access to certain specific functionalities of the Service.
              <p />
            </li>
          </ul>
        </div>
        <p
          class="MuiTypography-root MuiBox-root MuiBox-root-175 MuiTypography-body1"
          style="text-decoration: underline;"
        >
          Exercising of Your GDPR Data Protection Rights
        </p>
        <p
          class="MuiTypography-root MuiBox-root MuiBox-root-176 MuiTypography-body1"
        >
          You may exercise Your rights of access, rectification, cancellation and opposition by contacting Us. Please note that we may ask You to verify Your identity before responding to such requests. If You make a request, We will try our best to respond to You as soon as possible.
        </p>
        <p
          class="MuiTypography-root MuiBox-root MuiBox-root-177 MuiTypography-body1"
        >
          You have the right to complain to a Data Protection Authority about Our collection and use of Your Personal Data. For more information, if You are in the European Economic Area (EEA), please contact Your local data protection authority in the EEA.
        </p>
        <p
          class="MuiTypography-root MuiBox-root MuiBox-root-178 MuiTypography-body1"
          style="text-decoration: underline;"
        >
          Links to Other Websites
        </p>
        <p
          class="MuiTypography-root MuiBox-root MuiBox-root-179 MuiTypography-body1"
        >
          Our Service may contain links to other websites that are not operated by Us. If You click on a third party link, You will be directed to that third party's site. We strongly advise You to review the Privacy Policy of every site You visit.
        </p>
        <p
          class="MuiTypography-root MuiBox-root MuiBox-root-180 MuiTypography-body1"
        >
          We have no control over and assume no responsibility for the content, privacy policies or practices of any third party sites or services.
        </p>
        <p
          class="MuiTypography-root MuiBox-root MuiBox-root-181 MuiTypography-body1"
          style="text-decoration: underline;"
        >
          Changes to this Privacy Policy
        </p>
        <p
          class="MuiTypography-root MuiBox-root MuiBox-root-182 MuiTypography-body1"
        >
          We may update Our Privacy Policy from time to time. We will notify You of any changes by posting the new Privacy Policy on this page.
        </p>
        <p
          class="MuiTypography-root MuiBox-root MuiBox-root-183 MuiTypography-body1"
        >
          We will let You know via email and/or a prominent notice on Our Service, prior to the change becoming effective and update the "Last updated" date at the top of this Privacy Policy.
        </p>
        <p
          class="MuiTypography-root MuiBox-root MuiBox-root-184 MuiTypography-body1"
        >
          You are advised to review this Privacy Policy periodically for any changes. Changes to this Privacy Policy are effective when they are posted on this page.
        </p>
        <p
          class="MuiTypography-root MuiBox-root MuiBox-root-185 MuiTypography-body1"
          data-testid="privacy-contact"
          style="text-decoration: underline;"
        >
          Contact Us
        </p>
        <p
          class="MuiTypography-root MuiBox-root MuiBox-root-186 MuiTypography-body1"
        >
          If you have any questions about this Privacy Policy, You can contact us:
        </p>
        <div
          class="MuiBox-root MuiBox-root-187"
        >
          <ul>
            <li>
              <p
                class="MuiTypography-root MuiBox-root MuiBox-root-188 MuiTypography-body1"
              >
                By email: privacy@mobilecoinww.com
              </p>
            </li>
          </ul>
        </div>
      </div>
    </div>
  </div>
</DocumentFragment>
`;
